usage: run.py [-h] [--random_seed RANDOM_SEED] --is_training IS_TRAINING
              --model_id MODEL_ID [--model MODEL] [--data DATA]
              [--root_path ROOT_PATH] [--data_path DATA_PATH]
              [--features FEATURES] [--freq FREQ] [--scale SCALE]
              [--checkpoints CHECKPOINTS] [--seq_len SEQ_LEN]
              [--label_len LABEL_LEN] [--pred_len PRED_LEN]
              [--est_horizon EST_HORIZON] [--do_predict] [--cycle CYCLE]
              [--period_len PERIOD_LEN] [--use_revin USE_REVIN]
              [--backbone BACKBONE] [--enc_in ENC_IN] [--d_model D_MODEL]
              [--n_heads N_HEADS] [--e_layers E_LAYERS] [--d_ff D_FF]
              [--factor FACTOR] [--dropout DROPOUT] [--embed EMBED]
              [--activation ACTIVATION] [--output_attention]
              [--individual INDIVIDUAL] [--num_workers NUM_WORKERS]
              [--itr ITR] [--train_epochs TRAIN_EPOCHS]
              [--batch_size BATCH_SIZE] [--patience PATIENCE]
              [--learning_rate LEARNING_RATE] [--des DES] [--loss LOSS]
              [--lradj LRADJ] [--pct_start PCT_START] [--use_amp]
              [--use_gpu USE_GPU] [--gpu GPU] [--use_multi_gpu]
              [--devices DEVICES]
run.py: error: unrecognized arguments: False
