Args in experiment:
Namespace(random_seed=2026, is_training=1, model_id='DLAM_96_24_cycle24_seed2026', model='GTRiTransformer', data='DLAM', root_path='./', data_path='', features='MS', freq='h', scale=True, checkpoints='./checkpoints/', seq_len=96, label_len=0, pred_len=24, est_horizon=336, do_predict=True, cycle=24, period_len=24, use_revin=True, backbone='iTransformer', enc_in=23, d_model=512, n_heads=8, e_layers=3, d_ff=512, factor=5, dropout=0.1, embed='timeF', activation='gelu', output_attention=False, individual=False, num_workers=0, itr=1, train_epochs=30, batch_size=16, patience=5, learning_rate=0.0005, des='test', loss='huber', lradj='type3', pct_start=0.3, use_amp=False, use_gpu=True, gpu=0, use_multi_gpu=False, devices='0,1', cycle_len=24)
>>>>>>>start training : DLAM_96_24_cycle24_seed2026_GTRiTransformer_iTransformer_DLAM_ftMS_sl96_pl24_cycle24_dm512_el3_seed2026_0>>>>>>>>>>>>>>>>>>>>>>>>>>
Loading AIML-TUDA/dlam-ts-project-data-2026 from HuggingFace...
/home/hetz/pytorch_projects/bonus_group34/.venv/lib/python3.14/site-packages/sklearn/utils/validation.py:2827: UserWarning: X does not have valid feature names, but StandardScaler was fitted with feature names
  warnings.warn(
/home/hetz/pytorch_projects/bonus_group34/.venv/lib/python3.14/site-packages/sklearn/utils/validation.py:2827: UserWarning: X does not have valid feature names, but StandardScaler was fitted with feature names
  warnings.warn(
/home/hetz/pytorch_projects/bonus_group34/.venv/lib/python3.14/site-packages/sklearn/utils/validation.py:2827: UserWarning: X does not have valid feature names, but StandardScaler was fitted with feature names
  warnings.warn(
/home/hetz/pytorch_projects/bonus_group34/.venv/lib/python3.14/site-packages/sklearn/utils/validation.py:2827: UserWarning: X does not have valid feature names, but StandardScaler was fitted with feature names
  warnings.warn(
/home/hetz/pytorch_projects/bonus_group34/.venv/lib/python3.14/site-packages/sklearn/utils/validation.py:2827: UserWarning: X does not have valid feature names, but StandardScaler was fitted with feature names
  warnings.warn(
/home/hetz/pytorch_projects/bonus_group34/.venv/lib/python3.14/site-packages/sklearn/utils/validation.py:2827: UserWarning: X does not have valid feature names, but StandardScaler was fitted with feature names
  warnings.warn(
/home/hetz/pytorch_projects/bonus_group34/.venv/lib/python3.14/site-packages/sklearn/utils/validation.py:2827: UserWarning: X does not have valid feature names, but StandardScaler was fitted with feature names
  warnings.warn(
/home/hetz/pytorch_projects/bonus_group34/.venv/lib/python3.14/site-packages/sklearn/utils/validation.py:2827: UserWarning: X does not have valid feature names, but StandardScaler was fitted with feature names
  warnings.warn(
/home/hetz/pytorch_projects/bonus_group34/.venv/lib/python3.14/site-packages/sklearn/utils/validation.py:2827: UserWarning: X does not have valid feature names, but StandardScaler was fitted with feature names
  warnings.warn(
/home/hetz/pytorch_projects/bonus_group34/.venv/lib/python3.14/site-packages/sklearn/utils/validation.py:2827: UserWarning: X does not have valid feature names, but StandardScaler was fitted with feature names
  warnings.warn(
/home/hetz/pytorch_projects/bonus_group34/.venv/lib/python3.14/site-packages/sklearn/utils/validation.py:2827: UserWarning: X does not have valid feature names, but StandardScaler was fitted with feature names
  warnings.warn(
/home/hetz/pytorch_projects/bonus_group34/.venv/lib/python3.14/site-packages/sklearn/utils/validation.py:2827: UserWarning: X does not have valid feature names, but StandardScaler was fitted with feature names
  warnings.warn(
/home/hetz/pytorch_projects/bonus_group34/.venv/lib/python3.14/site-packages/sklearn/utils/validation.py:2827: UserWarning: X does not have valid feature names, but StandardScaler was fitted with feature names
  warnings.warn(
/home/hetz/pytorch_projects/bonus_group34/.venv/lib/python3.14/site-packages/sklearn/utils/validation.py:2827: UserWarning: X does not have valid feature names, but StandardScaler was fitted with feature names
  warnings.warn(
/home/hetz/pytorch_projects/bonus_group34/.venv/lib/python3.14/site-packages/sklearn/utils/validation.py:2827: UserWarning: X does not have valid feature names, but StandardScaler was fitted with feature names
  warnings.warn(
/home/hetz/pytorch_projects/bonus_group34/.venv/lib/python3.14/site-packages/sklearn/utils/validation.py:2827: UserWarning: X does not have valid feature names, but StandardScaler was fitted with feature names
  warnings.warn(
/home/hetz/pytorch_projects/bonus_group34/.venv/lib/python3.14/site-packages/sklearn/utils/validation.py:2827: UserWarning: X does not have valid feature names, but StandardScaler was fitted with feature names
  warnings.warn(
/home/hetz/pytorch_projects/bonus_group34/.venv/lib/python3.14/site-packages/sklearn/utils/validation.py:2827: UserWarning: X does not have valid feature names, but StandardScaler was fitted with feature names
  warnings.warn(
/home/hetz/pytorch_projects/bonus_group34/.venv/lib/python3.14/site-packages/sklearn/utils/validation.py:2827: UserWarning: X does not have valid feature names, but StandardScaler was fitted with feature names
  warnings.warn(
/home/hetz/pytorch_projects/bonus_group34/.venv/lib/python3.14/site-packages/sklearn/utils/validation.py:2827: UserWarning: X does not have valid feature names, but StandardScaler was fitted with feature names
  warnings.warn(
/home/hetz/pytorch_projects/bonus_group34/.venv/lib/python3.14/site-packages/sklearn/utils/validation.py:2827: UserWarning: X does not have valid feature names, but StandardScaler was fitted with feature names
  warnings.warn(
/home/hetz/pytorch_projects/bonus_group34/.venv/lib/python3.14/site-packages/sklearn/utils/validation.py:2827: UserWarning: X does not have valid feature names, but StandardScaler was fitted with feature names
  warnings.warn(
/home/hetz/pytorch_projects/bonus_group34/.venv/lib/python3.14/site-packages/sklearn/utils/validation.py:2827: UserWarning: X does not have valid feature names, but StandardScaler was fitted with feature names
  warnings.warn(
/home/hetz/pytorch_projects/bonus_group34/.venv/lib/python3.14/site-packages/sklearn/utils/validation.py:2827: UserWarning: X does not have valid feature names, but StandardScaler was fitted with feature names
  warnings.warn(
/home/hetz/pytorch_projects/bonus_group34/.venv/lib/python3.14/site-packages/sklearn/utils/validation.py:2827: UserWarning: X does not have valid feature names, but StandardScaler was fitted with feature names
  warnings.warn(
/home/hetz/pytorch_projects/bonus_group34/.venv/lib/python3.14/site-packages/sklearn/utils/validation.py:2827: UserWarning: X does not have valid feature names, but StandardScaler was fitted with feature names
  warnings.warn(
/home/hetz/pytorch_projects/bonus_group34/.venv/lib/python3.14/site-packages/sklearn/utils/validation.py:2827: UserWarning: X does not have valid feature names, but StandardScaler was fitted with feature names
  warnings.warn(
/home/hetz/pytorch_projects/bonus_group34/.venv/lib/python3.14/site-packages/sklearn/utils/validation.py:2827: UserWarning: X does not have valid feature names, but StandardScaler was fitted with feature names
  warnings.warn(
/home/hetz/pytorch_projects/bonus_group34/.venv/lib/python3.14/site-packages/sklearn/utils/validation.py:2827: UserWarning: X does not have valid feature names, but StandardScaler was fitted with feature names
  warnings.warn(
/home/hetz/pytorch_projects/bonus_group34/.venv/lib/python3.14/site-packages/sklearn/utils/validation.py:2827: UserWarning: X does not have valid feature names, but StandardScaler was fitted with feature names
  warnings.warn(
/home/hetz/pytorch_projects/bonus_group34/.venv/lib/python3.14/site-packages/sklearn/utils/validation.py:2827: UserWarning: X does not have valid feature names, but StandardScaler was fitted with feature names
  warnings.warn(
/home/hetz/pytorch_projects/bonus_group34/.venv/lib/python3.14/site-packages/sklearn/utils/validation.py:2827: UserWarning: X does not have valid feature names, but StandardScaler was fitted with feature names
  warnings.warn(
/home/hetz/pytorch_projects/bonus_group34/.venv/lib/python3.14/site-packages/sklearn/utils/validation.py:2827: UserWarning: X does not have valid feature names, but StandardScaler was fitted with feature names
  warnings.warn(
/home/hetz/pytorch_projects/bonus_group34/.venv/lib/python3.14/site-packages/sklearn/utils/validation.py:2827: UserWarning: X does not have valid feature names, but StandardScaler was fitted with feature names
  warnings.warn(
/home/hetz/pytorch_projects/bonus_group34/.venv/lib/python3.14/site-packages/sklearn/utils/validation.py:2827: UserWarning: X does not have valid feature names, but StandardScaler was fitted with feature names
  warnings.warn(
/home/hetz/pytorch_projects/bonus_group34/.venv/lib/python3.14/site-packages/sklearn/utils/validation.py:2827: UserWarning: X does not have valid feature names, but StandardScaler was fitted with feature names
  warnings.warn(
/home/hetz/pytorch_projects/bonus_group34/.venv/lib/python3.14/site-packages/sklearn/utils/validation.py:2827: UserWarning: X does not have valid feature names, but StandardScaler was fitted with feature names
  warnings.warn(
/home/hetz/pytorch_projects/bonus_group34/.venv/lib/python3.14/site-packages/sklearn/utils/validation.py:2827: UserWarning: X does not have valid feature names, but StandardScaler was fitted with feature names
  warnings.warn(
/home/hetz/pytorch_projects/bonus_group34/.venv/lib/python3.14/site-packages/sklearn/utils/validation.py:2827: UserWarning: X does not have valid feature names, but StandardScaler was fitted with feature names
  warnings.warn(
/home/hetz/pytorch_projects/bonus_group34/.venv/lib/python3.14/site-packages/sklearn/utils/validation.py:2827: UserWarning: X does not have valid feature names, but StandardScaler was fitted with feature names
  warnings.warn(
/home/hetz/pytorch_projects/bonus_group34/.venv/lib/python3.14/site-packages/sklearn/utils/validation.py:2827: UserWarning: X does not have valid feature names, but StandardScaler was fitted with feature names
  warnings.warn(
/home/hetz/pytorch_projects/bonus_group34/.venv/lib/python3.14/site-packages/sklearn/utils/validation.py:2827: UserWarning: X does not have valid feature names, but StandardScaler was fitted with feature names
  warnings.warn(
/home/hetz/pytorch_projects/bonus_group34/.venv/lib/python3.14/site-packages/sklearn/utils/validation.py:2827: UserWarning: X does not have valid feature names, but StandardScaler was fitted with feature names
  warnings.warn(
/home/hetz/pytorch_projects/bonus_group34/.venv/lib/python3.14/site-packages/sklearn/utils/validation.py:2827: UserWarning: X does not have valid feature names, but StandardScaler was fitted with feature names
  warnings.warn(
/home/hetz/pytorch_projects/bonus_group34/.venv/lib/python3.14/site-packages/sklearn/utils/validation.py:2827: UserWarning: X does not have valid feature names, but StandardScaler was fitted with feature names
  warnings.warn(
/home/hetz/pytorch_projects/bonus_group34/.venv/lib/python3.14/site-packages/sklearn/utils/validation.py:2827: UserWarning: X does not have valid feature names, but StandardScaler was fitted with feature names
  warnings.warn(
/home/hetz/pytorch_projects/bonus_group34/.venv/lib/python3.14/site-packages/sklearn/utils/validation.py:2827: UserWarning: X does not have valid feature names, but StandardScaler was fitted with feature names
  warnings.warn(
/home/hetz/pytorch_projects/bonus_group34/.venv/lib/python3.14/site-packages/sklearn/utils/validation.py:2827: UserWarning: X does not have valid feature names, but StandardScaler was fitted with feature names
  warnings.warn(
/home/hetz/pytorch_projects/bonus_group34/.venv/lib/python3.14/site-packages/sklearn/utils/validation.py:2827: UserWarning: X does not have valid feature names, but StandardScaler was fitted with feature names
  warnings.warn(
/home/hetz/pytorch_projects/bonus_group34/.venv/lib/python3.14/site-packages/sklearn/utils/validation.py:2827: UserWarning: X does not have valid feature names, but StandardScaler was fitted with feature names
  warnings.warn(
/home/hetz/pytorch_projects/bonus_group34/.venv/lib/python3.14/site-packages/sklearn/utils/validation.py:2827: UserWarning: X does not have valid feature names, but StandardScaler was fitted with feature names
  warnings.warn(
/home/hetz/pytorch_projects/bonus_group34/.venv/lib/python3.14/site-packages/sklearn/utils/validation.py:2827: UserWarning: X does not have valid feature names, but StandardScaler was fitted with feature names
  warnings.warn(
/home/hetz/pytorch_projects/bonus_group34/.venv/lib/python3.14/site-packages/sklearn/utils/validation.py:2827: UserWarning: X does not have valid feature names, but StandardScaler was fitted with feature names
  warnings.warn(
/home/hetz/pytorch_projects/bonus_group34/.venv/lib/python3.14/site-packages/sklearn/utils/validation.py:2827: UserWarning: X does not have valid feature names, but StandardScaler was fitted with feature names
  warnings.warn(
/home/hetz/pytorch_projects/bonus_group34/.venv/lib/python3.14/site-packages/sklearn/utils/validation.py:2827: UserWarning: X does not have valid feature names, but StandardScaler was fitted with feature names
  warnings.warn(
/home/hetz/pytorch_projects/bonus_group34/.venv/lib/python3.14/site-packages/sklearn/utils/validation.py:2827: UserWarning: X does not have valid feature names, but StandardScaler was fitted with feature names
  warnings.warn(
/home/hetz/pytorch_projects/bonus_group34/.venv/lib/python3.14/site-packages/sklearn/utils/validation.py:2827: UserWarning: X does not have valid feature names, but StandardScaler was fitted with feature names
  warnings.warn(
/home/hetz/pytorch_projects/bonus_group34/.venv/lib/python3.14/site-packages/sklearn/utils/validation.py:2827: UserWarning: X does not have valid feature names, but StandardScaler was fitted with feature names
  warnings.warn(
/home/hetz/pytorch_projects/bonus_group34/.venv/lib/python3.14/site-packages/sklearn/utils/validation.py:2827: UserWarning: X does not have valid feature names, but StandardScaler was fitted with feature names
  warnings.warn(
/home/hetz/pytorch_projects/bonus_group34/.venv/lib/python3.14/site-packages/sklearn/utils/validation.py:2827: UserWarning: X does not have valid feature names, but StandardScaler was fitted with feature names
  warnings.warn(
/home/hetz/pytorch_projects/bonus_group34/.venv/lib/python3.14/site-packages/sklearn/utils/validation.py:2827: UserWarning: X does not have valid feature names, but StandardScaler was fitted with feature names
  warnings.warn(
/home/hetz/pytorch_projects/bonus_group34/.venv/lib/python3.14/site-packages/sklearn/utils/validation.py:2827: UserWarning: X does not have valid feature names, but StandardScaler was fitted with feature names
  warnings.warn(
/home/hetz/pytorch_projects/bonus_group34/.venv/lib/python3.14/site-packages/sklearn/utils/validation.py:2827: UserWarning: X does not have valid feature names, but StandardScaler was fitted with feature names
  warnings.warn(
/home/hetz/pytorch_projects/bonus_group34/.venv/lib/python3.14/site-packages/sklearn/utils/validation.py:2827: UserWarning: X does not have valid feature names, but StandardScaler was fitted with feature names
  warnings.warn(
/home/hetz/pytorch_projects/bonus_group34/.venv/lib/python3.14/site-packages/sklearn/utils/validation.py:2827: UserWarning: X does not have valid feature names, but StandardScaler was fitted with feature names
  warnings.warn(
/home/hetz/pytorch_projects/bonus_group34/.venv/lib/python3.14/site-packages/sklearn/utils/validation.py:2827: UserWarning: X does not have valid feature names, but StandardScaler was fitted with feature names
  warnings.warn(
/home/hetz/pytorch_projects/bonus_group34/.venv/lib/python3.14/site-packages/sklearn/utils/validation.py:2827: UserWarning: X does not have valid feature names, but StandardScaler was fitted with feature names
  warnings.warn(
/home/hetz/pytorch_projects/bonus_group34/.venv/lib/python3.14/site-packages/sklearn/utils/validation.py:2827: UserWarning: X does not have valid feature names, but StandardScaler was fitted with feature names
  warnings.warn(
/home/hetz/pytorch_projects/bonus_group34/.venv/lib/python3.14/site-packages/sklearn/utils/validation.py:2827: UserWarning: X does not have valid feature names, but StandardScaler was fitted with feature names
  warnings.warn(
/home/hetz/pytorch_projects/bonus_group34/.venv/lib/python3.14/site-packages/sklearn/utils/validation.py:2827: UserWarning: X does not have valid feature names, but StandardScaler was fitted with feature names
  warnings.warn(
/home/hetz/pytorch_projects/bonus_group34/.venv/lib/python3.14/site-packages/sklearn/utils/validation.py:2827: UserWarning: X does not have valid feature names, but StandardScaler was fitted with feature names
  warnings.warn(
/home/hetz/pytorch_projects/bonus_group34/.venv/lib/python3.14/site-packages/sklearn/utils/validation.py:2827: UserWarning: X does not have valid feature names, but StandardScaler was fitted with feature names
  warnings.warn(
/home/hetz/pytorch_projects/bonus_group34/.venv/lib/python3.14/site-packages/sklearn/utils/validation.py:2827: UserWarning: X does not have valid feature names, but StandardScaler was fitted with feature names
  warnings.warn(
/home/hetz/pytorch_projects/bonus_group34/.venv/lib/python3.14/site-packages/sklearn/utils/validation.py:2827: UserWarning: X does not have valid feature names, but StandardScaler was fitted with feature names
  warnings.warn(
/home/hetz/pytorch_projects/bonus_group34/.venv/lib/python3.14/site-packages/sklearn/utils/validation.py:2827: UserWarning: X does not have valid feature names, but StandardScaler was fitted with feature names
  warnings.warn(
/home/hetz/pytorch_projects/bonus_group34/.venv/lib/python3.14/site-packages/sklearn/utils/validation.py:2827: UserWarning: X does not have valid feature names, but StandardScaler was fitted with feature names
  warnings.warn(
/home/hetz/pytorch_projects/bonus_group34/.venv/lib/python3.14/site-packages/sklearn/utils/validation.py:2827: UserWarning: X does not have valid feature names, but StandardScaler was fitted with feature names
  warnings.warn(
/home/hetz/pytorch_projects/bonus_group34/.venv/lib/python3.14/site-packages/sklearn/utils/validation.py:2827: UserWarning: X does not have valid feature names, but StandardScaler was fitted with feature names
  warnings.warn(
/home/hetz/pytorch_projects/bonus_group34/.venv/lib/python3.14/site-packages/sklearn/utils/validation.py:2827: UserWarning: X does not have valid feature names, but StandardScaler was fitted with feature names
  warnings.warn(
/home/hetz/pytorch_projects/bonus_group34/.venv/lib/python3.14/site-packages/sklearn/utils/validation.py:2827: UserWarning: X does not have valid feature names, but StandardScaler was fitted with feature names
  warnings.warn(
/home/hetz/pytorch_projects/bonus_group34/.venv/lib/python3.14/site-packages/sklearn/utils/validation.py:2827: UserWarning: X does not have valid feature names, but StandardScaler was fitted with feature names
  warnings.warn(
/home/hetz/pytorch_projects/bonus_group34/.venv/lib/python3.14/site-packages/sklearn/utils/validation.py:2827: UserWarning: X does not have valid feature names, but StandardScaler was fitted with feature names
  warnings.warn(
/home/hetz/pytorch_projects/bonus_group34/.venv/lib/python3.14/site-packages/sklearn/utils/validation.py:2827: UserWarning: X does not have valid feature names, but StandardScaler was fitted with feature names
  warnings.warn(
/home/hetz/pytorch_projects/bonus_group34/.venv/lib/python3.14/site-packages/sklearn/utils/validation.py:2827: UserWarning: X does not have valid feature names, but StandardScaler was fitted with feature names
  warnings.warn(
/home/hetz/pytorch_projects/bonus_group34/.venv/lib/python3.14/site-packages/sklearn/utils/validation.py:2827: UserWarning: X does not have valid feature names, but StandardScaler was fitted with feature names
  warnings.warn(
/home/hetz/pytorch_projects/bonus_group34/.venv/lib/python3.14/site-packages/sklearn/utils/validation.py:2827: UserWarning: X does not have valid feature names, but StandardScaler was fitted with feature names
  warnings.warn(
/home/hetz/pytorch_projects/bonus_group34/.venv/lib/python3.14/site-packages/sklearn/utils/validation.py:2827: UserWarning: X does not have valid feature names, but StandardScaler was fitted with feature names
  warnings.warn(
/home/hetz/pytorch_projects/bonus_group34/.venv/lib/python3.14/site-packages/sklearn/utils/validation.py:2827: UserWarning: X does not have valid feature names, but StandardScaler was fitted with feature names
  warnings.warn(
/home/hetz/pytorch_projects/bonus_group34/.venv/lib/python3.14/site-packages/sklearn/utils/validation.py:2827: UserWarning: X does not have valid feature names, but StandardScaler was fitted with feature names
  warnings.warn(
/home/hetz/pytorch_projects/bonus_group34/.venv/lib/python3.14/site-packages/sklearn/utils/validation.py:2827: UserWarning: X does not have valid feature names, but StandardScaler was fitted with feature names
  warnings.warn(
/home/hetz/pytorch_projects/bonus_group34/.venv/lib/python3.14/site-packages/sklearn/utils/validation.py:2827: UserWarning: X does not have valid feature names, but StandardScaler was fitted with feature names
  warnings.warn(
/home/hetz/pytorch_projects/bonus_group34/.venv/lib/python3.14/site-packages/sklearn/utils/validation.py:2827: UserWarning: X does not have valid feature names, but StandardScaler was fitted with feature names
  warnings.warn(
/home/hetz/pytorch_projects/bonus_group34/.venv/lib/python3.14/site-packages/sklearn/utils/validation.py:2827: UserWarning: X does not have valid feature names, but StandardScaler was fitted with feature names
  warnings.warn(
/home/hetz/pytorch_projects/bonus_group34/.venv/lib/python3.14/site-packages/sklearn/utils/validation.py:2827: UserWarning: X does not have valid feature names, but StandardScaler was fitted with feature names
  warnings.warn(
/home/hetz/pytorch_projects/bonus_group34/.venv/lib/python3.14/site-packages/sklearn/utils/validation.py:2827: UserWarning: X does not have valid feature names, but StandardScaler was fitted with feature names
  warnings.warn(
/home/hetz/pytorch_projects/bonus_group34/.venv/lib/python3.14/site-packages/sklearn/utils/validation.py:2827: UserWarning: X does not have valid feature names, but StandardScaler was fitted with feature names
  warnings.warn(
train 371040
Loading AIML-TUDA/dlam-ts-project-data-2026 from HuggingFace...
/home/hetz/pytorch_projects/bonus_group34/.venv/lib/python3.14/site-packages/sklearn/utils/validation.py:2827: UserWarning: X does not have valid feature names, but StandardScaler was fitted with feature names
  warnings.warn(
/home/hetz/pytorch_projects/bonus_group34/.venv/lib/python3.14/site-packages/sklearn/utils/validation.py:2827: UserWarning: X does not have valid feature names, but StandardScaler was fitted with feature names
  warnings.warn(
/home/hetz/pytorch_projects/bonus_group34/.venv/lib/python3.14/site-packages/sklearn/utils/validation.py:2827: UserWarning: X does not have valid feature names, but StandardScaler was fitted with feature names
  warnings.warn(
/home/hetz/pytorch_projects/bonus_group34/.venv/lib/python3.14/site-packages/sklearn/utils/validation.py:2827: UserWarning: X does not have valid feature names, but StandardScaler was fitted with feature names
  warnings.warn(
/home/hetz/pytorch_projects/bonus_group34/.venv/lib/python3.14/site-packages/sklearn/utils/validation.py:2827: UserWarning: X does not have valid feature names, but StandardScaler was fitted with feature names
  warnings.warn(
/home/hetz/pytorch_projects/bonus_group34/.venv/lib/python3.14/site-packages/sklearn/utils/validation.py:2827: UserWarning: X does not have valid feature names, but StandardScaler was fitted with feature names
  warnings.warn(
/home/hetz/pytorch_projects/bonus_group34/.venv/lib/python3.14/site-packages/sklearn/utils/validation.py:2827: UserWarning: X does not have valid feature names, but StandardScaler was fitted with feature names
  warnings.warn(
/home/hetz/pytorch_projects/bonus_group34/.venv/lib/python3.14/site-packages/sklearn/utils/validation.py:2827: UserWarning: X does not have valid feature names, but StandardScaler was fitted with feature names
  warnings.warn(
/home/hetz/pytorch_projects/bonus_group34/.venv/lib/python3.14/site-packages/sklearn/utils/validation.py:2827: UserWarning: X does not have valid feature names, but StandardScaler was fitted with feature names
  warnings.warn(
/home/hetz/pytorch_projects/bonus_group34/.venv/lib/python3.14/site-packages/sklearn/utils/validation.py:2827: UserWarning: X does not have valid feature names, but StandardScaler was fitted with feature names
  warnings.warn(
/home/hetz/pytorch_projects/bonus_group34/.venv/lib/python3.14/site-packages/sklearn/utils/validation.py:2827: UserWarning: X does not have valid feature names, but StandardScaler was fitted with feature names
  warnings.warn(
/home/hetz/pytorch_projects/bonus_group34/.venv/lib/python3.14/site-packages/sklearn/utils/validation.py:2827: UserWarning: X does not have valid feature names, but StandardScaler was fitted with feature names
  warnings.warn(
/home/hetz/pytorch_projects/bonus_group34/.venv/lib/python3.14/site-packages/sklearn/utils/validation.py:2827: UserWarning: X does not have valid feature names, but StandardScaler was fitted with feature names
  warnings.warn(
/home/hetz/pytorch_projects/bonus_group34/.venv/lib/python3.14/site-packages/sklearn/utils/validation.py:2827: UserWarning: X does not have valid feature names, but StandardScaler was fitted with feature names
  warnings.warn(
/home/hetz/pytorch_projects/bonus_group34/.venv/lib/python3.14/site-packages/sklearn/utils/validation.py:2827: UserWarning: X does not have valid feature names, but StandardScaler was fitted with feature names
  warnings.warn(
/home/hetz/pytorch_projects/bonus_group34/.venv/lib/python3.14/site-packages/sklearn/utils/validation.py:2827: UserWarning: X does not have valid feature names, but StandardScaler was fitted with feature names
  warnings.warn(
/home/hetz/pytorch_projects/bonus_group34/.venv/lib/python3.14/site-packages/sklearn/utils/validation.py:2827: UserWarning: X does not have valid feature names, but StandardScaler was fitted with feature names
  warnings.warn(
/home/hetz/pytorch_projects/bonus_group34/.venv/lib/python3.14/site-packages/sklearn/utils/validation.py:2827: UserWarning: X does not have valid feature names, but StandardScaler was fitted with feature names
  warnings.warn(
/home/hetz/pytorch_projects/bonus_group34/.venv/lib/python3.14/site-packages/sklearn/utils/validation.py:2827: UserWarning: X does not have valid feature names, but StandardScaler was fitted with feature names
  warnings.warn(
/home/hetz/pytorch_projects/bonus_group34/.venv/lib/python3.14/site-packages/sklearn/utils/validation.py:2827: UserWarning: X does not have valid feature names, but StandardScaler was fitted with feature names
  warnings.warn(
/home/hetz/pytorch_projects/bonus_group34/.venv/lib/python3.14/site-packages/sklearn/utils/validation.py:2827: UserWarning: X does not have valid feature names, but StandardScaler was fitted with feature names
  warnings.warn(
/home/hetz/pytorch_projects/bonus_group34/.venv/lib/python3.14/site-packages/sklearn/utils/validation.py:2827: UserWarning: X does not have valid feature names, but StandardScaler was fitted with feature names
  warnings.warn(
/home/hetz/pytorch_projects/bonus_group34/.venv/lib/python3.14/site-packages/sklearn/utils/validation.py:2827: UserWarning: X does not have valid feature names, but StandardScaler was fitted with feature names
  warnings.warn(
/home/hetz/pytorch_projects/bonus_group34/.venv/lib/python3.14/site-packages/sklearn/utils/validation.py:2827: UserWarning: X does not have valid feature names, but StandardScaler was fitted with feature names
  warnings.warn(
/home/hetz/pytorch_projects/bonus_group34/.venv/lib/python3.14/site-packages/sklearn/utils/validation.py:2827: UserWarning: X does not have valid feature names, but StandardScaler was fitted with feature names
  warnings.warn(
/home/hetz/pytorch_projects/bonus_group34/.venv/lib/python3.14/site-packages/sklearn/utils/validation.py:2827: UserWarning: X does not have valid feature names, but StandardScaler was fitted with feature names
  warnings.warn(
/home/hetz/pytorch_projects/bonus_group34/.venv/lib/python3.14/site-packages/sklearn/utils/validation.py:2827: UserWarning: X does not have valid feature names, but StandardScaler was fitted with feature names
  warnings.warn(
/home/hetz/pytorch_projects/bonus_group34/.venv/lib/python3.14/site-packages/sklearn/utils/validation.py:2827: UserWarning: X does not have valid feature names, but StandardScaler was fitted with feature names
  warnings.warn(
/home/hetz/pytorch_projects/bonus_group34/.venv/lib/python3.14/site-packages/sklearn/utils/validation.py:2827: UserWarning: X does not have valid feature names, but StandardScaler was fitted with feature names
  warnings.warn(
/home/hetz/pytorch_projects/bonus_group34/.venv/lib/python3.14/site-packages/sklearn/utils/validation.py:2827: UserWarning: X does not have valid feature names, but StandardScaler was fitted with feature names
  warnings.warn(
/home/hetz/pytorch_projects/bonus_group34/.venv/lib/python3.14/site-packages/sklearn/utils/validation.py:2827: UserWarning: X does not have valid feature names, but StandardScaler was fitted with feature names
  warnings.warn(
/home/hetz/pytorch_projects/bonus_group34/.venv/lib/python3.14/site-packages/sklearn/utils/validation.py:2827: UserWarning: X does not have valid feature names, but StandardScaler was fitted with feature names
  warnings.warn(
/home/hetz/pytorch_projects/bonus_group34/.venv/lib/python3.14/site-packages/sklearn/utils/validation.py:2827: UserWarning: X does not have valid feature names, but StandardScaler was fitted with feature names
  warnings.warn(
/home/hetz/pytorch_projects/bonus_group34/.venv/lib/python3.14/site-packages/sklearn/utils/validation.py:2827: UserWarning: X does not have valid feature names, but StandardScaler was fitted with feature names
  warnings.warn(
/home/hetz/pytorch_projects/bonus_group34/.venv/lib/python3.14/site-packages/sklearn/utils/validation.py:2827: UserWarning: X does not have valid feature names, but StandardScaler was fitted with feature names
  warnings.warn(
/home/hetz/pytorch_projects/bonus_group34/.venv/lib/python3.14/site-packages/sklearn/utils/validation.py:2827: UserWarning: X does not have valid feature names, but StandardScaler was fitted with feature names
  warnings.warn(
/home/hetz/pytorch_projects/bonus_group34/.venv/lib/python3.14/site-packages/sklearn/utils/validation.py:2827: UserWarning: X does not have valid feature names, but StandardScaler was fitted with feature names
  warnings.warn(
/home/hetz/pytorch_projects/bonus_group34/.venv/lib/python3.14/site-packages/sklearn/utils/validation.py:2827: UserWarning: X does not have valid feature names, but StandardScaler was fitted with feature names
  warnings.warn(
/home/hetz/pytorch_projects/bonus_group34/.venv/lib/python3.14/site-packages/sklearn/utils/validation.py:2827: UserWarning: X does not have valid feature names, but StandardScaler was fitted with feature names
  warnings.warn(
/home/hetz/pytorch_projects/bonus_group34/.venv/lib/python3.14/site-packages/sklearn/utils/validation.py:2827: UserWarning: X does not have valid feature names, but StandardScaler was fitted with feature names
  warnings.warn(
/home/hetz/pytorch_projects/bonus_group34/.venv/lib/python3.14/site-packages/sklearn/utils/validation.py:2827: UserWarning: X does not have valid feature names, but StandardScaler was fitted with feature names
  warnings.warn(
/home/hetz/pytorch_projects/bonus_group34/.venv/lib/python3.14/site-packages/sklearn/utils/validation.py:2827: UserWarning: X does not have valid feature names, but StandardScaler was fitted with feature names
  warnings.warn(
/home/hetz/pytorch_projects/bonus_group34/.venv/lib/python3.14/site-packages/sklearn/utils/validation.py:2827: UserWarning: X does not have valid feature names, but StandardScaler was fitted with feature names
  warnings.warn(
/home/hetz/pytorch_projects/bonus_group34/.venv/lib/python3.14/site-packages/sklearn/utils/validation.py:2827: UserWarning: X does not have valid feature names, but StandardScaler was fitted with feature names
  warnings.warn(
/home/hetz/pytorch_projects/bonus_group34/.venv/lib/python3.14/site-packages/sklearn/utils/validation.py:2827: UserWarning: X does not have valid feature names, but StandardScaler was fitted with feature names
  warnings.warn(
/home/hetz/pytorch_projects/bonus_group34/.venv/lib/python3.14/site-packages/sklearn/utils/validation.py:2827: UserWarning: X does not have valid feature names, but StandardScaler was fitted with feature names
  warnings.warn(
/home/hetz/pytorch_projects/bonus_group34/.venv/lib/python3.14/site-packages/sklearn/utils/validation.py:2827: UserWarning: X does not have valid feature names, but StandardScaler was fitted with feature names
  warnings.warn(
/home/hetz/pytorch_projects/bonus_group34/.venv/lib/python3.14/site-packages/sklearn/utils/validation.py:2827: UserWarning: X does not have valid feature names, but StandardScaler was fitted with feature names
  warnings.warn(
/home/hetz/pytorch_projects/bonus_group34/.venv/lib/python3.14/site-packages/sklearn/utils/validation.py:2827: UserWarning: X does not have valid feature names, but StandardScaler was fitted with feature names
  warnings.warn(
/home/hetz/pytorch_projects/bonus_group34/.venv/lib/python3.14/site-packages/sklearn/utils/validation.py:2827: UserWarning: X does not have valid feature names, but StandardScaler was fitted with feature names
  warnings.warn(
/home/hetz/pytorch_projects/bonus_group34/.venv/lib/python3.14/site-packages/sklearn/utils/validation.py:2827: UserWarning: X does not have valid feature names, but StandardScaler was fitted with feature names
  warnings.warn(
/home/hetz/pytorch_projects/bonus_group34/.venv/lib/python3.14/site-packages/sklearn/utils/validation.py:2827: UserWarning: X does not have valid feature names, but StandardScaler was fitted with feature names
  warnings.warn(
/home/hetz/pytorch_projects/bonus_group34/.venv/lib/python3.14/site-packages/sklearn/utils/validation.py:2827: UserWarning: X does not have valid feature names, but StandardScaler was fitted with feature names
  warnings.warn(
/home/hetz/pytorch_projects/bonus_group34/.venv/lib/python3.14/site-packages/sklearn/utils/validation.py:2827: UserWarning: X does not have valid feature names, but StandardScaler was fitted with feature names
  warnings.warn(
/home/hetz/pytorch_projects/bonus_group34/.venv/lib/python3.14/site-packages/sklearn/utils/validation.py:2827: UserWarning: X does not have valid feature names, but StandardScaler was fitted with feature names
  warnings.warn(
/home/hetz/pytorch_projects/bonus_group34/.venv/lib/python3.14/site-packages/sklearn/utils/validation.py:2827: UserWarning: X does not have valid feature names, but StandardScaler was fitted with feature names
  warnings.warn(
/home/hetz/pytorch_projects/bonus_group34/.venv/lib/python3.14/site-packages/sklearn/utils/validation.py:2827: UserWarning: X does not have valid feature names, but StandardScaler was fitted with feature names
  warnings.warn(
/home/hetz/pytorch_projects/bonus_group34/.venv/lib/python3.14/site-packages/sklearn/utils/validation.py:2827: UserWarning: X does not have valid feature names, but StandardScaler was fitted with feature names
  warnings.warn(
/home/hetz/pytorch_projects/bonus_group34/.venv/lib/python3.14/site-packages/sklearn/utils/validation.py:2827: UserWarning: X does not have valid feature names, but StandardScaler was fitted with feature names
  warnings.warn(
/home/hetz/pytorch_projects/bonus_group34/.venv/lib/python3.14/site-packages/sklearn/utils/validation.py:2827: UserWarning: X does not have valid feature names, but StandardScaler was fitted with feature names
  warnings.warn(
/home/hetz/pytorch_projects/bonus_group34/.venv/lib/python3.14/site-packages/sklearn/utils/validation.py:2827: UserWarning: X does not have valid feature names, but StandardScaler was fitted with feature names
  warnings.warn(
/home/hetz/pytorch_projects/bonus_group34/.venv/lib/python3.14/site-packages/sklearn/utils/validation.py:2827: UserWarning: X does not have valid feature names, but StandardScaler was fitted with feature names
  warnings.warn(
/home/hetz/pytorch_projects/bonus_group34/.venv/lib/python3.14/site-packages/sklearn/utils/validation.py:2827: UserWarning: X does not have valid feature names, but StandardScaler was fitted with feature names
  warnings.warn(
/home/hetz/pytorch_projects/bonus_group34/.venv/lib/python3.14/site-packages/sklearn/utils/validation.py:2827: UserWarning: X does not have valid feature names, but StandardScaler was fitted with feature names
  warnings.warn(
/home/hetz/pytorch_projects/bonus_group34/.venv/lib/python3.14/site-packages/sklearn/utils/validation.py:2827: UserWarning: X does not have valid feature names, but StandardScaler was fitted with feature names
  warnings.warn(
/home/hetz/pytorch_projects/bonus_group34/.venv/lib/python3.14/site-packages/sklearn/utils/validation.py:2827: UserWarning: X does not have valid feature names, but StandardScaler was fitted with feature names
  warnings.warn(
/home/hetz/pytorch_projects/bonus_group34/.venv/lib/python3.14/site-packages/sklearn/utils/validation.py:2827: UserWarning: X does not have valid feature names, but StandardScaler was fitted with feature names
  warnings.warn(
/home/hetz/pytorch_projects/bonus_group34/.venv/lib/python3.14/site-packages/sklearn/utils/validation.py:2827: UserWarning: X does not have valid feature names, but StandardScaler was fitted with feature names
  warnings.warn(
/home/hetz/pytorch_projects/bonus_group34/.venv/lib/python3.14/site-packages/sklearn/utils/validation.py:2827: UserWarning: X does not have valid feature names, but StandardScaler was fitted with feature names
  warnings.warn(
/home/hetz/pytorch_projects/bonus_group34/.venv/lib/python3.14/site-packages/sklearn/utils/validation.py:2827: UserWarning: X does not have valid feature names, but StandardScaler was fitted with feature names
  warnings.warn(
/home/hetz/pytorch_projects/bonus_group34/.venv/lib/python3.14/site-packages/sklearn/utils/validation.py:2827: UserWarning: X does not have valid feature names, but StandardScaler was fitted with feature names
  warnings.warn(
/home/hetz/pytorch_projects/bonus_group34/.venv/lib/python3.14/site-packages/sklearn/utils/validation.py:2827: UserWarning: X does not have valid feature names, but StandardScaler was fitted with feature names
  warnings.warn(
/home/hetz/pytorch_projects/bonus_group34/.venv/lib/python3.14/site-packages/sklearn/utils/validation.py:2827: UserWarning: X does not have valid feature names, but StandardScaler was fitted with feature names
  warnings.warn(
/home/hetz/pytorch_projects/bonus_group34/.venv/lib/python3.14/site-packages/sklearn/utils/validation.py:2827: UserWarning: X does not have valid feature names, but StandardScaler was fitted with feature names
  warnings.warn(
/home/hetz/pytorch_projects/bonus_group34/.venv/lib/python3.14/site-packages/sklearn/utils/validation.py:2827: UserWarning: X does not have valid feature names, but StandardScaler was fitted with feature names
  warnings.warn(
/home/hetz/pytorch_projects/bonus_group34/.venv/lib/python3.14/site-packages/sklearn/utils/validation.py:2827: UserWarning: X does not have valid feature names, but StandardScaler was fitted with feature names
  warnings.warn(
/home/hetz/pytorch_projects/bonus_group34/.venv/lib/python3.14/site-packages/sklearn/utils/validation.py:2827: UserWarning: X does not have valid feature names, but StandardScaler was fitted with feature names
  warnings.warn(
/home/hetz/pytorch_projects/bonus_group34/.venv/lib/python3.14/site-packages/sklearn/utils/validation.py:2827: UserWarning: X does not have valid feature names, but StandardScaler was fitted with feature names
  warnings.warn(
/home/hetz/pytorch_projects/bonus_group34/.venv/lib/python3.14/site-packages/sklearn/utils/validation.py:2827: UserWarning: X does not have valid feature names, but StandardScaler was fitted with feature names
  warnings.warn(
/home/hetz/pytorch_projects/bonus_group34/.venv/lib/python3.14/site-packages/sklearn/utils/validation.py:2827: UserWarning: X does not have valid feature names, but StandardScaler was fitted with feature names
  warnings.warn(
/home/hetz/pytorch_projects/bonus_group34/.venv/lib/python3.14/site-packages/sklearn/utils/validation.py:2827: UserWarning: X does not have valid feature names, but StandardScaler was fitted with feature names
  warnings.warn(
/home/hetz/pytorch_projects/bonus_group34/.venv/lib/python3.14/site-packages/sklearn/utils/validation.py:2827: UserWarning: X does not have valid feature names, but StandardScaler was fitted with feature names
  warnings.warn(
/home/hetz/pytorch_projects/bonus_group34/.venv/lib/python3.14/site-packages/sklearn/utils/validation.py:2827: UserWarning: X does not have valid feature names, but StandardScaler was fitted with feature names
  warnings.warn(
/home/hetz/pytorch_projects/bonus_group34/.venv/lib/python3.14/site-packages/sklearn/utils/validation.py:2827: UserWarning: X does not have valid feature names, but StandardScaler was fitted with feature names
  warnings.warn(
/home/hetz/pytorch_projects/bonus_group34/.venv/lib/python3.14/site-packages/sklearn/utils/validation.py:2827: UserWarning: X does not have valid feature names, but StandardScaler was fitted with feature names
  warnings.warn(
/home/hetz/pytorch_projects/bonus_group34/.venv/lib/python3.14/site-packages/sklearn/utils/validation.py:2827: UserWarning: X does not have valid feature names, but StandardScaler was fitted with feature names
  warnings.warn(
/home/hetz/pytorch_projects/bonus_group34/.venv/lib/python3.14/site-packages/sklearn/utils/validation.py:2827: UserWarning: X does not have valid feature names, but StandardScaler was fitted with feature names
  warnings.warn(
/home/hetz/pytorch_projects/bonus_group34/.venv/lib/python3.14/site-packages/sklearn/utils/validation.py:2827: UserWarning: X does not have valid feature names, but StandardScaler was fitted with feature names
  warnings.warn(
/home/hetz/pytorch_projects/bonus_group34/.venv/lib/python3.14/site-packages/sklearn/utils/validation.py:2827: UserWarning: X does not have valid feature names, but StandardScaler was fitted with feature names
  warnings.warn(
/home/hetz/pytorch_projects/bonus_group34/.venv/lib/python3.14/site-packages/sklearn/utils/validation.py:2827: UserWarning: X does not have valid feature names, but StandardScaler was fitted with feature names
  warnings.warn(
/home/hetz/pytorch_projects/bonus_group34/.venv/lib/python3.14/site-packages/sklearn/utils/validation.py:2827: UserWarning: X does not have valid feature names, but StandardScaler was fitted with feature names
  warnings.warn(
/home/hetz/pytorch_projects/bonus_group34/.venv/lib/python3.14/site-packages/sklearn/utils/validation.py:2827: UserWarning: X does not have valid feature names, but StandardScaler was fitted with feature names
  warnings.warn(
/home/hetz/pytorch_projects/bonus_group34/.venv/lib/python3.14/site-packages/sklearn/utils/validation.py:2827: UserWarning: X does not have valid feature names, but StandardScaler was fitted with feature names
  warnings.warn(
/home/hetz/pytorch_projects/bonus_group34/.venv/lib/python3.14/site-packages/sklearn/utils/validation.py:2827: UserWarning: X does not have valid feature names, but StandardScaler was fitted with feature names
  warnings.warn(
/home/hetz/pytorch_projects/bonus_group34/.venv/lib/python3.14/site-packages/sklearn/utils/validation.py:2827: UserWarning: X does not have valid feature names, but StandardScaler was fitted with feature names
  warnings.warn(
/home/hetz/pytorch_projects/bonus_group34/.venv/lib/python3.14/site-packages/sklearn/utils/validation.py:2827: UserWarning: X does not have valid feature names, but StandardScaler was fitted with feature names
  warnings.warn(
val 30048
	iters: 100, epoch: 1 | loss: 0.2322936
	speed: 0.0414s/iter; left time: 28786.5782s
	iters: 200, epoch: 1 | loss: 0.2791643
	speed: 0.0159s/iter; left time: 11034.7729s
	iters: 300, epoch: 1 | loss: 0.1632157
	speed: 0.0159s/iter; left time: 11040.7864s
	iters: 400, epoch: 1 | loss: 0.1930126
	speed: 0.0163s/iter; left time: 11336.9712s
	iters: 500, epoch: 1 | loss: 0.1988559
	speed: 0.0158s/iter; left time: 11015.6924s
	iters: 600, epoch: 1 | loss: 0.1751196
	speed: 0.0161s/iter; left time: 11170.5771s
	iters: 700, epoch: 1 | loss: 0.1531790
	speed: 0.0164s/iter; left time: 11414.8607s
	iters: 800, epoch: 1 | loss: 0.1608762
	speed: 0.0160s/iter; left time: 11142.1470s
	iters: 900, epoch: 1 | loss: 0.1990239
	speed: 0.0161s/iter; left time: 11170.7074s
	iters: 1000, epoch: 1 | loss: 0.1796434
	speed: 0.0160s/iter; left time: 11126.4500s
	iters: 1100, epoch: 1 | loss: 0.1390007
	speed: 0.0159s/iter; left time: 11042.0819s
	iters: 1200, epoch: 1 | loss: 0.1498134
	speed: 0.0162s/iter; left time: 11250.8045s
	iters: 1300, epoch: 1 | loss: 0.2047548
	speed: 0.0157s/iter; left time: 10906.6216s
	iters: 1400, epoch: 1 | loss: 0.1724523
	speed: 0.0161s/iter; left time: 11153.9863s
	iters: 1500, epoch: 1 | loss: 0.1759962
	speed: 0.0157s/iter; left time: 10885.9196s
	iters: 1600, epoch: 1 | loss: 0.1641384
	speed: 0.0158s/iter; left time: 10940.0510s
